// Jest Snapshot v1, https://goo.gl/fbAQLP

exports[`should create expense  1`] = `
<div>
  <div
    className="summary"
  >
    <div
      className="content-container"
    >
      <h1
        className="summary-page__title"
      >
        Add expense 
      </h1>
    </div>
  </div>
  <div
    className="content-container"
  >
    <ExpenseForm
      onSubmit={[Function]}
    />
  </div>
</div>
`;
