// Jest Snapshot v1, https://goo.gl/fbAQLP

exports[`should render test page correctly 1`] = `
<div>
  <div
    className="summary"
  >
    <div
      className=" content-container"
    >
      <h1
        className="summary-page__title"
      >
         Edit expense
      </h1>
    </div>
  </div>
  <div
    className="content-container"
  >
    <ExpenseForm
      expense={
        Object {
          "amount": 2.12,
          "createAt": 0,
          "description": "hello1",
          "id": 1,
          "note": "yesterday1",
        }
      }
      onSubmit={[Function]}
    />
    <button
      className="button__second"
      onClick={[Function]}
    >
       
      Remove
       
    </button>
  </div>
</div>
`;
