// Jest Snapshot v1, https://goo.gl/fbAQLP

exports[`should  1`] = `
<div>
  <h1>
    Expense App
  </h1>
  <NavLink
    activeClassName="is-active"
    exact={true}
    to="/"
  >
      Home  
  </NavLink>
  <NavLink
    activeClassName="is-active"
    to="/create"
  >
     Create expense 
  </NavLink>
  <NavLink
    activeClassName="is-active"
    to="/edite/25"
  >
     Edite expnese 
  </NavLink>
  <NavLink
    activeClassName="is-active"
    to="/help"
  >
     Edite expnese 
  </NavLink>
</div>
`;
